// Vitest Snapshot v1, https://vitest.dev/guide/snapshot.html

exports[`map traversers > layout: flat top > traverses diamonds 1`] = `
[
  [
    4,
    -2,
  ],
  [
    3,
    -2,
  ],
  [
    2,
    -2,
  ],
  [
    1,
    -2,
  ],
  [
    0,
    -2,
  ],
  [
    3,
    -1,
  ],
  [
    2,
    -1,
  ],
  [
    1,
    -1,
  ],
  [
    0,
    -1,
  ],
  [
    -1,
    -1,
  ],
  [
    2,
    0,
  ],
  [
    1,
    0,
  ],
  [
    0,
    0,
  ],
  [
    -1,
    0,
  ],
  [
    -2,
    0,
  ],
  [
    1,
    1,
  ],
  [
    0,
    1,
  ],
  [
    -1,
    1,
  ],
  [
    -2,
    1,
  ],
  [
    -3,
    1,
  ],
  [
    0,
    2,
  ],
  [
    -1,
    2,
  ],
  [
    -2,
    2,
  ],
  [
    -3,
    2,
  ],
  [
    -4,
    2,
  ],
]
`;

exports[`map traversers > layout: flat top > traverses hexagons 1`] = `
[
  [
    -3,
    0,
  ],
  [
    -3,
    1,
  ],
  [
    -3,
    2,
  ],
  [
    -3,
    3,
  ],
  [
    -2,
    -1,
  ],
  [
    -2,
    0,
  ],
  [
    -2,
    1,
  ],
  [
    -2,
    2,
  ],
  [
    -2,
    3,
  ],
  [
    -1,
    -2,
  ],
  [
    -1,
    -1,
  ],
  [
    -1,
    0,
  ],
  [
    -1,
    1,
  ],
  [
    -1,
    2,
  ],
  [
    -1,
    3,
  ],
  [
    0,
    -3,
  ],
  [
    0,
    -2,
  ],
  [
    0,
    -1,
  ],
  [
    0,
    0,
  ],
  [
    0,
    1,
  ],
  [
    0,
    2,
  ],
  [
    0,
    3,
  ],
  [
    1,
    -3,
  ],
  [
    1,
    -2,
  ],
  [
    1,
    -1,
  ],
  [
    1,
    0,
  ],
  [
    1,
    1,
  ],
  [
    1,
    2,
  ],
  [
    2,
    -3,
  ],
  [
    2,
    -2,
  ],
  [
    2,
    -1,
  ],
  [
    2,
    0,
  ],
  [
    2,
    1,
  ],
  [
    3,
    -3,
  ],
  [
    3,
    -2,
  ],
  [
    3,
    -1,
  ],
  [
    3,
    0,
  ],
]
`;

exports[`map traversers > layout: flat top > traverses rectangles 1`] = `
[
  [
    0,
    0,
  ],
  [
    0,
    1,
  ],
  [
    0,
    2,
  ],
  [
    0,
    3,
  ],
  [
    0,
    4,
  ],
  [
    0,
    5,
  ],
  [
    1,
    0,
  ],
  [
    1,
    1,
  ],
  [
    1,
    2,
  ],
  [
    1,
    3,
  ],
  [
    1,
    4,
  ],
  [
    1,
    5,
  ],
  [
    2,
    -1,
  ],
  [
    2,
    0,
  ],
  [
    2,
    1,
  ],
  [
    2,
    2,
  ],
  [
    2,
    3,
  ],
  [
    2,
    4,
  ],
  [
    3,
    -1,
  ],
  [
    3,
    0,
  ],
  [
    3,
    1,
  ],
  [
    3,
    2,
  ],
  [
    3,
    3,
  ],
  [
    3,
    4,
  ],
  [
    4,
    -2,
  ],
  [
    4,
    -1,
  ],
  [
    4,
    0,
  ],
  [
    4,
    1,
  ],
  [
    4,
    2,
  ],
  [
    4,
    3,
  ],
  [
    5,
    -2,
  ],
  [
    5,
    -1,
  ],
  [
    5,
    0,
  ],
  [
    5,
    1,
  ],
  [
    5,
    2,
  ],
  [
    5,
    3,
  ],
  [
    6,
    -3,
  ],
  [
    6,
    -2,
  ],
  [
    6,
    -1,
  ],
  [
    6,
    0,
  ],
  [
    6,
    1,
  ],
  [
    6,
    2,
  ],
  [
    7,
    -3,
  ],
  [
    7,
    -2,
  ],
  [
    7,
    -1,
  ],
  [
    7,
    0,
  ],
  [
    7,
    1,
  ],
  [
    7,
    2,
  ],
]
`;

exports[`map traversers > layout: flat top > traverses rings 1`] = `
[
  [
    -3,
    3,
  ],
  [
    -3,
    2,
  ],
  [
    -3,
    1,
  ],
  [
    -3,
    0,
  ],
  [
    -2,
    -1,
  ],
  [
    -1,
    -2,
  ],
  [
    0,
    -3,
  ],
  [
    1,
    -3,
  ],
  [
    2,
    -3,
  ],
  [
    3,
    -3,
  ],
  [
    3,
    -2,
  ],
  [
    3,
    -1,
  ],
  [
    3,
    0,
  ],
  [
    2,
    1,
  ],
  [
    1,
    2,
  ],
  [
    0,
    3,
  ],
  [
    -1,
    3,
  ],
  [
    -2,
    3,
  ],
]
`;

exports[`map traversers > layout: flat top > traverses spirals 1`] = `
[
  [
    0,
    0,
  ],
  [
    -1,
    1,
  ],
  [
    -1,
    0,
  ],
  [
    0,
    -1,
  ],
  [
    1,
    -1,
  ],
  [
    1,
    0,
  ],
  [
    0,
    1,
  ],
  [
    -2,
    2,
  ],
  [
    -2,
    1,
  ],
  [
    -2,
    0,
  ],
  [
    -1,
    -1,
  ],
  [
    0,
    -2,
  ],
  [
    1,
    -2,
  ],
  [
    2,
    -2,
  ],
  [
    2,
    -1,
  ],
  [
    2,
    0,
  ],
  [
    1,
    1,
  ],
  [
    0,
    2,
  ],
  [
    -1,
    2,
  ],
  [
    -3,
    3,
  ],
  [
    -3,
    2,
  ],
  [
    -3,
    1,
  ],
  [
    -3,
    0,
  ],
  [
    -2,
    -1,
  ],
  [
    -1,
    -2,
  ],
  [
    0,
    -3,
  ],
  [
    1,
    -3,
  ],
  [
    2,
    -3,
  ],
  [
    3,
    -3,
  ],
  [
    3,
    -2,
  ],
  [
    3,
    -1,
  ],
  [
    3,
    0,
  ],
  [
    2,
    1,
  ],
  [
    1,
    2,
  ],
  [
    0,
    3,
  ],
  [
    -1,
    3,
  ],
  [
    -2,
    3,
  ],
]
`;

exports[`map traversers > layout: flat top > traverses triangles 1`] = `
[
  [
    0,
    0,
  ],
  [
    0,
    1,
  ],
  [
    0,
    2,
  ],
  [
    0,
    3,
  ],
  [
    0,
    4,
  ],
  [
    0,
    5,
  ],
  [
    1,
    0,
  ],
  [
    1,
    1,
  ],
  [
    1,
    2,
  ],
  [
    1,
    3,
  ],
  [
    1,
    4,
  ],
  [
    2,
    0,
  ],
  [
    2,
    1,
  ],
  [
    2,
    2,
  ],
  [
    2,
    3,
  ],
  [
    3,
    0,
  ],
  [
    3,
    1,
  ],
  [
    3,
    2,
  ],
  [
    4,
    0,
  ],
  [
    4,
    1,
  ],
  [
    5,
    0,
  ],
]
`;

exports[`map traversers > layout: pointy top > traverses diamonds 1`] = `
[
  [
    -2,
    4,
  ],
  [
    -1,
    3,
  ],
  [
    0,
    2,
  ],
  [
    1,
    1,
  ],
  [
    2,
    0,
  ],
  [
    -2,
    3,
  ],
  [
    -1,
    2,
  ],
  [
    0,
    1,
  ],
  [
    1,
    0,
  ],
  [
    2,
    -1,
  ],
  [
    -2,
    2,
  ],
  [
    -1,
    1,
  ],
  [
    0,
    0,
  ],
  [
    1,
    -1,
  ],
  [
    2,
    -2,
  ],
  [
    -2,
    1,
  ],
  [
    -1,
    0,
  ],
  [
    0,
    -1,
  ],
  [
    1,
    -2,
  ],
  [
    2,
    -3,
  ],
  [
    -2,
    0,
  ],
  [
    -1,
    -1,
  ],
  [
    0,
    -2,
  ],
  [
    1,
    -3,
  ],
  [
    2,
    -4,
  ],
]
`;

exports[`map traversers > layout: pointy top > traverses hexagons 1`] = `
[
  [
    -3,
    0,
  ],
  [
    -3,
    1,
  ],
  [
    -3,
    2,
  ],
  [
    -3,
    3,
  ],
  [
    -2,
    -1,
  ],
  [
    -2,
    0,
  ],
  [
    -2,
    1,
  ],
  [
    -2,
    2,
  ],
  [
    -2,
    3,
  ],
  [
    -1,
    -2,
  ],
  [
    -1,
    -1,
  ],
  [
    -1,
    0,
  ],
  [
    -1,
    1,
  ],
  [
    -1,
    2,
  ],
  [
    -1,
    3,
  ],
  [
    0,
    -3,
  ],
  [
    0,
    -2,
  ],
  [
    0,
    -1,
  ],
  [
    0,
    0,
  ],
  [
    0,
    1,
  ],
  [
    0,
    2,
  ],
  [
    0,
    3,
  ],
  [
    1,
    -3,
  ],
  [
    1,
    -2,
  ],
  [
    1,
    -1,
  ],
  [
    1,
    0,
  ],
  [
    1,
    1,
  ],
  [
    1,
    2,
  ],
  [
    2,
    -3,
  ],
  [
    2,
    -2,
  ],
  [
    2,
    -1,
  ],
  [
    2,
    0,
  ],
  [
    2,
    1,
  ],
  [
    3,
    -3,
  ],
  [
    3,
    -2,
  ],
  [
    3,
    -1,
  ],
  [
    3,
    0,
  ],
]
`;

exports[`map traversers > layout: pointy top > traverses rectangles 1`] = `
[
  [
    0,
    0,
  ],
  [
    1,
    0,
  ],
  [
    2,
    0,
  ],
  [
    3,
    0,
  ],
  [
    4,
    0,
  ],
  [
    5,
    0,
  ],
  [
    6,
    0,
  ],
  [
    0,
    1,
  ],
  [
    1,
    1,
  ],
  [
    2,
    1,
  ],
  [
    3,
    1,
  ],
  [
    4,
    1,
  ],
  [
    5,
    1,
  ],
  [
    6,
    1,
  ],
  [
    -1,
    2,
  ],
  [
    0,
    2,
  ],
  [
    1,
    2,
  ],
  [
    2,
    2,
  ],
  [
    3,
    2,
  ],
  [
    4,
    2,
  ],
  [
    5,
    2,
  ],
  [
    -1,
    3,
  ],
  [
    0,
    3,
  ],
  [
    1,
    3,
  ],
  [
    2,
    3,
  ],
  [
    3,
    3,
  ],
  [
    4,
    3,
  ],
  [
    5,
    3,
  ],
  [
    -2,
    4,
  ],
  [
    -1,
    4,
  ],
  [
    0,
    4,
  ],
  [
    1,
    4,
  ],
  [
    2,
    4,
  ],
  [
    3,
    4,
  ],
  [
    4,
    4,
  ],
]
`;

exports[`map traversers > layout: pointy top > traverses rings 1`] = `
[
  [
    -3,
    3,
  ],
  [
    -3,
    2,
  ],
  [
    -3,
    1,
  ],
  [
    -3,
    0,
  ],
  [
    -2,
    -1,
  ],
  [
    -1,
    -2,
  ],
  [
    0,
    -3,
  ],
  [
    1,
    -3,
  ],
  [
    2,
    -3,
  ],
  [
    3,
    -3,
  ],
  [
    3,
    -2,
  ],
  [
    3,
    -1,
  ],
  [
    3,
    0,
  ],
  [
    2,
    1,
  ],
  [
    1,
    2,
  ],
  [
    0,
    3,
  ],
  [
    -1,
    3,
  ],
  [
    -2,
    3,
  ],
]
`;

exports[`map traversers > layout: pointy top > traverses spirals 1`] = `
[
  [
    0,
    0,
  ],
  [
    -1,
    1,
  ],
  [
    -1,
    0,
  ],
  [
    0,
    -1,
  ],
  [
    1,
    -1,
  ],
  [
    1,
    0,
  ],
  [
    0,
    1,
  ],
  [
    -2,
    2,
  ],
  [
    -2,
    1,
  ],
  [
    -2,
    0,
  ],
  [
    -1,
    -1,
  ],
  [
    0,
    -2,
  ],
  [
    1,
    -2,
  ],
  [
    2,
    -2,
  ],
  [
    2,
    -1,
  ],
  [
    2,
    0,
  ],
  [
    1,
    1,
  ],
  [
    0,
    2,
  ],
  [
    -1,
    2,
  ],
  [
    -3,
    3,
  ],
  [
    -3,
    2,
  ],
  [
    -3,
    1,
  ],
  [
    -3,
    0,
  ],
  [
    -2,
    -1,
  ],
  [
    -1,
    -2,
  ],
  [
    0,
    -3,
  ],
  [
    1,
    -3,
  ],
  [
    2,
    -3,
  ],
  [
    3,
    -3,
  ],
  [
    3,
    -2,
  ],
  [
    3,
    -1,
  ],
  [
    3,
    0,
  ],
  [
    2,
    1,
  ],
  [
    1,
    2,
  ],
  [
    0,
    3,
  ],
  [
    -1,
    3,
  ],
  [
    -2,
    3,
  ],
]
`;

exports[`map traversers > layout: pointy top > traverses triangles 1`] = `
[
  [
    0,
    0,
  ],
  [
    0,
    1,
  ],
  [
    0,
    2,
  ],
  [
    0,
    3,
  ],
  [
    0,
    4,
  ],
  [
    0,
    5,
  ],
  [
    1,
    0,
  ],
  [
    1,
    1,
  ],
  [
    1,
    2,
  ],
  [
    1,
    3,
  ],
  [
    1,
    4,
  ],
  [
    2,
    0,
  ],
  [
    2,
    1,
  ],
  [
    2,
    2,
  ],
  [
    2,
    3,
  ],
  [
    3,
    0,
  ],
  [
    3,
    1,
  ],
  [
    3,
    2,
  ],
  [
    4,
    0,
  ],
  [
    4,
    1,
  ],
  [
    5,
    0,
  ],
]
`;

exports[`map traversers > traverses lines (orientation independent) 1`] = `
[
  [
    2,
    -2,
  ],
  [
    2,
    -1,
  ],
  [
    2,
    0,
  ],
  [
    2,
    1,
  ],
  [
    2,
    2,
  ],
]
`;

exports[`map traversers > traverses lines (orientation independent) 2`] = `
[
  [
    0,
    0,
  ],
  [
    0,
    1,
  ],
  [
    0,
    2,
  ],
  [
    1,
    2,
  ],
  [
    1,
    3,
  ],
  [
    1,
    4,
  ],
]
`;
